---
source: src/parse.rs
expression: "[parse(\"{{hello}}\"), parse(\"{name} and {{literal}}\"), parse(\"{{}} here\"),\nparse(\"{{start}} {name}\"), parse(\"{{first}} {{second}}\"),\nparse(\"{{text}} with {name:string} and {{more}}\"), parse(\"Just } here\"),\nparse(\"{{start\"), parse(\"{name} test\"), parse(\"{{{{\"),]"
---
[
    (
        Some(
            [],
        ),
        Diagnostics,
    ),
    (
        Some(
            [
                ParsedInterpolation {
                    type_: None,
                    name: "name",
                    start: 0,
                    end: 5,
                },
            ],
        ),
        Diagnostics,
    ),
    (
        Some(
            [],
        ),
        Diagnostics,
    ),
    (
        Some(
            [
                ParsedInterpolation {
                    type_: None,
                    name: "name",
                    start: 10,
                    end: 15,
                },
            ],
        ),
        Diagnostics,
    ),
    (
        Some(
            [],
        ),
        Diagnostics,
    ),
    (
        Some(
            [
                ParsedInterpolation {
                    type_: String,
                    name: "name",
                    start: 14,
                    end: 26,
                },
            ],
        ),
        Diagnostics,
    ),
    (
        None,
        Diagnostics,
    ),
    (
        Some(
            [],
        ),
        Diagnostics,
    ),
    (
        Some(
            [
                ParsedInterpolation {
                    type_: None,
                    name: "name",
                    start: 0,
                    end: 5,
                },
            ],
        ),
        Diagnostics,
    ),
    (
        Some(
            [],
        ),
        Diagnostics,
    ),
]
