---
source: src/parse.rs
expression: "[template(\"Welcome {{user} and {name}\"),\ntemplate(\"Price: ${{amount} for {item}\"),\ntemplate(\"Braces: {{} and {count:number}\"),\ntemplate(\"Start {{literal} middle {var} end {{more}\"),\ntemplate(\"Escape only {{starting double braces}}\"),]"
---
[
    "Welcome {user} and ${args.name}",
    "Price: \\${amount} for ${args.item}",
    "Braces: {} and ${args.count}",
    "Start {literal} middle ${args.var_} end {more}",
    "Escape only {starting double braces}}",
]
