---
source: src/parse.rs
expression: "[template(\"\"), template(\"No interpolations here\"), template(\"{single}\"),\ntemplate(\"Only text no braces\"), template(\"Start {a} middle {b} end\"),\ntemplate(\"{a}{b}{c}\"), template(\"Unicode 🌍 {name} more unicode 🎉\"),]"
---
[
    "",
    "No interpolations here",
    "${args.single}",
    "Only text no braces",
    "Start ${args.a} middle ${args.b} end",
    "${args.a}${args.b}${args.c}",
    "Unicode 🌍 ${args.name} more unicode 🎉",
]
