---
source: src/parse.rs
expression: "[parse(\"{}\"), parse(\"{:string}\"), parse(\"{a}{b}{c}\"), parse(\"{a}and{b}\"),\nparse(\"{outer{inner}}\"), parse(\"\\\\{invalid_interpolation\\\\}\"),\nparse(\"{{not_interpolation}}\"), parse(\"} and { separate\"),\nparse(\"{name without closing\"),]"
---
[
    (
        Some(
            [],
        ),
        Diagnostics,
    ),
    (
        Some(
            [],
        ),
        Diagnostics,
    ),
    (
        Some(
            [
                ParsedInterpolation {
                    type_: None,
                    name: "a",
                    start: 0,
                    end: 2,
                },
                ParsedInterpolation {
                    type_: None,
                    name: "b",
                    start: 3,
                    end: 5,
                },
                ParsedInterpolation {
                    type_: None,
                    name: "c",
                    start: 6,
                    end: 8,
                },
            ],
        ),
        Diagnostics,
    ),
    (
        Some(
            [
                ParsedInterpolation {
                    type_: None,
                    name: "a",
                    start: 0,
                    end: 2,
                },
                ParsedInterpolation {
                    type_: None,
                    name: "b",
                    start: 6,
                    end: 8,
                },
            ],
        ),
        Diagnostics,
    ),
    (
        None,
        Diagnostics,
    ),
    (
        Some(
            [],
        ),
        Diagnostics,
    ),
    (
        Some(
            [],
        ),
        Diagnostics,
    ),
    (
        Some(
            [],
        ),
        Diagnostics,
    ),
    (
        Some(
            [],
        ),
        Diagnostics,
    ),
]
