---
source: src/interpolations.rs
expression: "[parse(\"Number start {123name}\"), parse(\"Hyphen {user-name}\"),\nparse(\"Space {user name}\"), parse(\"Dot {user.name}\"),\nparse(\"Special chars {user@email}\"), parse(\"Underscore start {_name}\"),\nparse(\"Number only {123}\"), parse(\"Special start {$var}\"),\nparse(\"Unicode {名前}\"),]"
---
[
    ParsedInterpolations {
        interpolations: [],
        errors: [
            InvalidIdentifier {
                start: 13,
                end: 20,
            },
        ],
    },
    ParsedInterpolations {
        interpolations: [],
        errors: [
            InvalidIdentifier {
                start: 7,
                end: 16,
            },
        ],
    },
    ParsedInterpolations {
        interpolations: [],
        errors: [
            InvalidIdentifier {
                start: 6,
                end: 15,
            },
        ],
    },
    ParsedInterpolations {
        interpolations: [],
        errors: [
            InvalidIdentifier {
                start: 4,
                end: 13,
            },
        ],
    },
    ParsedInterpolations {
        interpolations: [],
        errors: [
            InvalidIdentifier {
                start: 14,
                end: 24,
            },
        ],
    },
    ParsedInterpolations {
        interpolations: [],
        errors: [
            InvalidIdentifier {
                start: 17,
                end: 22,
            },
        ],
    },
    ParsedInterpolations {
        interpolations: [],
        errors: [
            InvalidIdentifier {
                start: 12,
                end: 15,
            },
        ],
    },
    ParsedInterpolations {
        interpolations: [],
        errors: [
            InvalidIdentifier {
                start: 14,
                end: 18,
            },
        ],
    },
    ParsedInterpolations {
        interpolations: [],
        errors: [
            InvalidIdentifier {
                start: 8,
                end: 14,
            },
        ],
    },
]
