---
source: src/parse.rs
expression: "[parse(\"Hello {name}\"), parse(\"Count: {count:number}\"),\nparse(\"User {userId}\"), parse(\"Value {value_123}\"), parse(\"Test {a}\"),\nparse(\"Multiple {firstName} {lastName}\"), parse(\"Underscore {user_name}\"),\nparse(\"Mixed {value1} and {item_2}\"),]"
---
[
    (
        Some(
            [
                ParsedInterpolation {
                    type_: None,
                    name: "name",
                    start: 6,
                    end: 11,
                },
            ],
        ),
        Diagnostics,
    ),
    (
        Some(
            [
                ParsedInterpolation {
                    type_: Number,
                    name: "count",
                    start: 7,
                    end: 20,
                },
            ],
        ),
        Diagnostics,
    ),
    (
        Some(
            [
                ParsedInterpolation {
                    type_: None,
                    name: "userId",
                    start: 5,
                    end: 12,
                },
            ],
        ),
        Diagnostics,
    ),
    (
        Some(
            [
                ParsedInterpolation {
                    type_: None,
                    name: "value_123",
                    start: 6,
                    end: 16,
                },
            ],
        ),
        Diagnostics,
    ),
    (
        Some(
            [
                ParsedInterpolation {
                    type_: None,
                    name: "a",
                    start: 5,
                    end: 7,
                },
            ],
        ),
        Diagnostics,
    ),
    (
        Some(
            [
                ParsedInterpolation {
                    type_: None,
                    name: "firstName",
                    start: 9,
                    end: 19,
                },
                ParsedInterpolation {
                    type_: None,
                    name: "lastName",
                    start: 21,
                    end: 30,
                },
            ],
        ),
        Diagnostics,
    ),
    (
        Some(
            [
                ParsedInterpolation {
                    type_: None,
                    name: "user_name",
                    start: 11,
                    end: 21,
                },
            ],
        ),
        Diagnostics,
    ),
    (
        Some(
            [
                ParsedInterpolation {
                    type_: None,
                    name: "value1",
                    start: 6,
                    end: 13,
                },
                ParsedInterpolation {
                    type_: None,
                    name: "item_2",
                    start: 19,
                    end: 26,
                },
            ],
        ),
        Diagnostics,
    ),
]
