---
source: src/parse.rs
expression: "[parse(\"{123invalid}\"), parse(\"{user-name}\"), parse(\"{}\"), parse(\"{unclosed\"),\nparse(\"{name:invalid_type}\"), parse(\"{user@domain}\"),\nparse(\"{name\\\\with\\\\backslash}\"), parse(\"{outer{inner}}\"),]"
---
[
    "Invalid interpolation identifier '123invalid': must start with a letter and contain only alphanumeric characters and underscores",
    "Invalid interpolation identifier 'user-name': must start with a letter and contain only alphanumeric characters and underscores",
    "Invalid interpolation identifier '': must start with a letter and contain only alphanumeric characters and underscores",
    "Invalid interpolation format in string: {unclosed",
    "Unknown interpolation type `invalid_type`",
    "Invalid interpolation identifier 'user@domain': must start with a letter and contain only alphanumeric characters and underscores",
    "Invalid interpolation identifier 'name\\\\with\\\\backslash': must start with a letter and contain only alphanumeric characters and underscores",
    "Invalid interpolation format in string: {outer{inner}}",
]
